******************************************************************************
                  TI ARM Linker PC v20.2.7                     
******************************************************************************
>> Linked Wed Aug 28 20:45:43 2024

OUTPUT FILE NAME:   <AUTOSAR_Project.out>
ENTRY POINT SYMBOL: "_c_int00_noargs"  address: 0000245d


MEMORY CONFIGURATION

         name            origin    length      used     unused   attr    fill
----------------------  --------  ---------  --------  --------  ----  --------
  FLASH                 00000000   00040000  00002596  0003da6a  R  X
  SRAM                  20000000   00008000  00000328  00007cd8  RW X


SEGMENT ALLOCATION MAP

run origin  load origin   length   init length attrs members
----------  ----------- ---------- ----------- ----- -------
00000000    00000000    00002598   00002598    r-x
  00000000    00000000    0000026c   0000026c    r-- .intvecs
  0000026c    0000026c    00002286   00002286    r-x .text
  000024f2    000024f2    00000004   00000004    r-- .const
  000024f8    000024f8    000000a0   000000a0    r-- .cinit
20000000    20000000    00000328   00000000    rw-
  20000000    20000000    00000200   00000000    rw- .stack
  20000200    20000200    00000128   00000000    rw- .data


SECTION ALLOCATION MAP

 output                                  attributes/
section   page    origin      length       input sections
--------  ----  ----------  ----------   ----------------
.intvecs   0    00000000    0000026c     
                  00000000    0000026c     tm4c123gh6pm_startup_ccs.obj (.intvecs)

.text      0    0000026c    00002286     
                  0000026c    00001b60     Port.obj (.text)
                  00001dcc    0000030c     Dio.obj (.text)
                  000020d8    000000a8     Os.obj (.text)
                  00002180    0000009c     rtsv7M4_T_le_v4SPD16_eabi.lib : memcpy_t2.asm.obj (.text)
                  0000221c    0000007c     Button.obj (.text)
                  00002298    0000007c     Gpt.obj (.text)
                  00002314    00000068     rtsv7M4_T_le_v4SPD16_eabi.lib : copy_decompress_lzss.c.obj (.text:decompress:lzss:__TI_decompress_lzss)
                  0000237c    0000005c     App.obj (.text)
                  000023d8    00000044     rtsv7M4_T_le_v4SPD16_eabi.lib : autoinit.c.obj (.text:__TI_auto_init_nobinit_nopinit:__TI_auto_init_nobinit_nopinit)
                  0000241c    0000003e     Led.obj (.text)
                  0000245a    00000002     --HOLE-- [fill = 0]
                  0000245c    00000034     rtsv7M4_T_le_v4SPD16_eabi.lib : boot_cortex_m.c.obj (.text:_c_int00_noargs:_c_int00_noargs)
                  00002490    00000020     Mcu.obj (.text)
                  000024b0    00000016     Det.obj (.text)
                  000024c6    0000000e     rtsv7M4_T_le_v4SPD16_eabi.lib : copy_decompress_none.c.obj (.text:decompress:none:__TI_decompress_none)
                  000024d4    0000000c     tm4c123gh6pm_startup_ccs.obj (.text)
                  000024e0    0000000a     main.obj (.text)
                  000024ea    00000004     rtsv7M4_T_le_v4SPD16_eabi.lib : pre_init.c.obj (.text:_system_pre_init)
                  000024ee    00000004                                   : exit.c.obj (.text:abort:abort)

.const     0    000024f2    00000004     
                  000024f2    00000004     Dio_PBcfg.obj (.const:Dio_Configuration)

.cinit     0    000024f8    000000a0     
                  000024f8    0000008e     (.cinit..data.load) [load image, compression = lzss]
                  00002586    00000002     --HOLE-- [fill = 0]
                  00002588    00000008     (__TI_handler_table)
                  00002590    00000008     (__TI_cinit_table)

.init_array 
*          0    00000000    00000000     UNINITIALIZED

.data      0    20000200    00000128     UNINITIALIZED
                  20000200    00000111     Port_PBcfg.obj (.data:Port_Configuration)
                  20000311    00000003     Button.obj (.data)
                  20000314    00000005     Dio.obj (.data)
                  20000319    00000002     App.obj (.data)
                  2000031b    00000001     --HOLE--
                  2000031c    00000005     Port.obj (.data)
                  20000321    00000002     Os.obj (.data)
                  20000323    00000001     --HOLE--
                  20000324    00000004     Gpt.obj (.data)

.stack     0    20000000    00000200     UNINITIALIZED
                  20000000    00000004     rtsv7M4_T_le_v4SPD16_eabi.lib : boot_cortex_m.c.obj (.stack)
                  20000004    000001fc     --HOLE--

__llvm_prf_cnts 
*          0    20000000    00000000     UNINITIALIZED

MODULE SUMMARY

       Module                         code   ro data   rw data
       ------                         ----   -------   -------
    .\
       Port.obj                       7008   0         5      
       Dio.obj                        780    0         5      
       tm4c123gh6pm_startup_ccs.obj   12     620       0      
       Port_PBcfg.obj                 0      0         273    
       Os.obj                         168    0         2      
       Gpt.obj                        124    0         4      
       Button.obj                     124    0         3      
       App.obj                        92     0         2      
       Led.obj                        62     0         0      
       Mcu.obj                        32     0         0      
       Det.obj                        22     0         0      
       main.obj                       10     0         0      
       Dio_PBcfg.obj                  0      4         0      
    +--+------------------------------+------+---------+---------+
       Total:                         8434   624       294    
                                                              
    C:\ti\ccs1271\ccs\tools\compiler\ti-cgt-arm_20.2.7.LTS\lib\rtsv7M4_T_le_v4SPD16_eabi.lib
       memcpy_t2.asm.obj              156    0         0      
       copy_decompress_lzss.c.obj     104    0         0      
       autoinit.c.obj                 68     0         0      
       boot_cortex_m.c.obj            52     0         0      
       copy_decompress_none.c.obj     14     0         0      
       exit.c.obj                     4      0         0      
       pre_init.c.obj                 4      0         0      
    +--+------------------------------+------+---------+---------+
       Total:                         402    0         0      
                                                              
       Stack:                         0      0         512    
       Linker Generated:              0      158       0      
    +--+------------------------------+------+---------+---------+
       Grand Total:                   8836   782       806    


LINKER GENERATED COPY TABLES

__TI_cinit_table @ 00002590 records: 1, size/record: 8, table size: 8
	.data: load addr=000024f8, load size=0000008e bytes, run addr=20000200, run size=00000128 bytes, compression=lzss


LINKER GENERATED HANDLER TABLE

__TI_handler_table @ 00002588 records: 2, size/record: 4, table size: 8
	index: 0, handler: __TI_decompress_lzss
	index: 1, handler: __TI_decompress_none


GLOBAL SYMBOLS: SORTED ALPHABETICALLY BY Name 

address   name                          
-------   ----                          
000023a1  App_Task                      
0000221d  Button_GetState               
00002223  Button_RefreshState           
00002391  Button_Task                   
000024ef  C$$EXIT                       
000024b1  Det_ReportError               
000024f2  Dio_Configuration             
00001fab  Dio_FlipChannel               
00001dcd  Dio_Init                      
00001ed1  Dio_ReadChannel               
00001df1  Dio_WriteChannel              
0000237d  Init_Task                     
00002435  Led_RefreshOutput             
00002429  Led_SetOff                    
0000241d  Led_SetOn                     
00002399  Led_Task                      
0000244d  Led_Toggle                    
00002491  Mcu_Init                      
000020f3  Os_NewTimerTick               
00002103  Os_Scheduler                  
000020d9  Os_start                      
20000200  Port_Configuration            
00001291  Port_GetVersionInfo           
0000026d  Port_Init                     
00001175  Port_RefreshPortDirection     
00001065  Port_SetPinDirection          
000012cd  Port_SetPinMode               
000024d5  ResetISR                      
00002299  SysTick_Handler               
000022f1  SysTick_SetCallBack           
000022a9  SysTick_Start                 
000022e9  SysTick_Stop                  
20000200  __STACK_END                   
00000200  __STACK_SIZE                  
20000200  __STACK_TOP                   
00002590  __TI_CINIT_Base               
00002598  __TI_CINIT_Limit              
00002588  __TI_Handler_Table_Base       
00002590  __TI_Handler_Table_Limit      
000023d9  __TI_auto_init_nobinit_nopinit
00002315  __TI_decompress_lzss          
000024c7  __TI_decompress_none          
ffffffff  __TI_pprof_out_hndl           
ffffffff  __TI_prof_data_size           
ffffffff  __TI_prof_data_start          
00000000  __TI_static_base__            
00002181  __aeabi_memcpy                
00002181  __aeabi_memcpy4               
00002181  __aeabi_memcpy8               
ffffffff  __binit__                     
ffffffff  __c_args__                    
UNDEFED   __mpu_init                    
20000000  __stack                       
20000000  __start___llvm_prf_cnts       
20000000  __stop___llvm_prf_cnts        
0000245d  _c_int00_noargs               
UNDEFED   _system_post_cinit            
000024eb  _system_pre_init              
000024ef  abort                         
ffffffff  binit                         
00000000  g_pfnVectors                  
000024e1  main                          
00002181  memcpy                        


GLOBAL SYMBOLS: SORTED BY Symbol Address 

address   name                          
-------   ----                          
00000000  __TI_static_base__            
00000000  g_pfnVectors                  
00000200  __STACK_SIZE                  
0000026d  Port_Init                     
00001065  Port_SetPinDirection          
00001175  Port_RefreshPortDirection     
00001291  Port_GetVersionInfo           
000012cd  Port_SetPinMode               
00001dcd  Dio_Init                      
00001df1  Dio_WriteChannel              
00001ed1  Dio_ReadChannel               
00001fab  Dio_FlipChannel               
000020d9  Os_start                      
000020f3  Os_NewTimerTick               
00002103  Os_Scheduler                  
00002181  __aeabi_memcpy                
00002181  __aeabi_memcpy4               
00002181  __aeabi_memcpy8               
00002181  memcpy                        
0000221d  Button_GetState               
00002223  Button_RefreshState           
00002299  SysTick_Handler               
000022a9  SysTick_Start                 
000022e9  SysTick_Stop                  
000022f1  SysTick_SetCallBack           
00002315  __TI_decompress_lzss          
0000237d  Init_Task                     
00002391  Button_Task                   
00002399  Led_Task                      
000023a1  App_Task                      
000023d9  __TI_auto_init_nobinit_nopinit
0000241d  Led_SetOn                     
00002429  Led_SetOff                    
00002435  Led_RefreshOutput             
0000244d  Led_Toggle                    
0000245d  _c_int00_noargs               
00002491  Mcu_Init                      
000024b1  Det_ReportError               
000024c7  __TI_decompress_none          
000024d5  ResetISR                      
000024e1  main                          
000024eb  _system_pre_init              
000024ef  C$$EXIT                       
000024ef  abort                         
000024f2  Dio_Configuration             
00002588  __TI_Handler_Table_Base       
00002590  __TI_CINIT_Base               
00002590  __TI_Handler_Table_Limit      
00002598  __TI_CINIT_Limit              
20000000  __stack                       
20000000  __start___llvm_prf_cnts       
20000000  __stop___llvm_prf_cnts        
20000200  Port_Configuration            
20000200  __STACK_END                   
20000200  __STACK_TOP                   
ffffffff  __TI_pprof_out_hndl           
ffffffff  __TI_prof_data_size           
ffffffff  __TI_prof_data_start          
ffffffff  __binit__                     
ffffffff  __c_args__                    
ffffffff  binit                         
UNDEFED   __mpu_init                    
UNDEFED   _system_post_cinit            

[63 symbols]
